TAIR10 toplevel genome length: 119667750 bp
Formula-recommended --genomeSAindexNbases: 12 (script uses 12 below -- confirm these match)
Loading bio/STAR/2.7.10b-GCC-11.3.0
  Loading requirement: compiler/GCCcore/11.3.0 lib/zlib/1.2.12-GCCcore-11.3.0
    tools/binutils/2.38-GCCcore-11.3.0 compiler/GCC/11.3.0
    tools/bzip2/1.0.8-GCCcore-11.3.0 tools/XZ/5.2.5-GCCcore-11.3.0
    system/OpenSSL/1.1 tools/cURL/7.83.0-GCCcore-11.3.0
    bio/HTSlib/1.15.1-GCC-11.3.0
	STAR --runThreadN 24 --runMode genomeGenerate --genomeDir /scratch/USERNAME/Athal/TAIR10ref/STAR_index_TAIR10 --genomeFastaFiles /scratch/USERNAME/Athal/TAIR10ref/Arabidopsis_thaliana.TAIR10.dna.toplevel.fa --sjdbGTFfile /scratch/USERNAME/Athal/TAIR10ref/Arabidopsis_thaliana.TAIR10.63.gff3 --sjdbGTFtagExonParentTranscript Parent --sjdbGTFfeatureExon exon --sjdbOverhang 100 --genomeSAindexNbases 12
	STAR version: 2.7.10b   compiled: 2024-07-31T14:09:58+02:00 ramses4:/dev/shm/sborowsk/build/STAR/2.7.10b/GCC-11.3.0/STAR-2.7.10b/source
Aug 18 11:02:39 ..... started STAR run
Aug 18 11:02:39 ... starting to generate Genome files
Aug 18 11:02:40 ..... processing annotations GTF
Aug 18 11:02:42 ... starting to sort Suffix Array. This may take a long time...
Aug 18 11:02:43 ... sorting Suffix Array chunks and saving them to disk...
Aug 18 11:02:50 ... loading chunks from disk, packing SA...
Aug 18 11:02:52 ... finished generating suffix array
Aug 18 11:02:52 ... generating Suffix Array index
Aug 18 11:03:01 ... completed Suffix Array index
Aug 18 11:03:01 ..... inserting junctions into the genome indices
Aug 18 11:03:23 ... writing Genome to disk ...
Aug 18 11:03:23 ... writing Suffix Array to disk ...
Aug 18 11:03:24 ... writing SAindex to disk
Aug 18 11:03:24 ..... finished successfully
Done. Reference + STAR index ready in /scratch/USERNAME/Athal/TAIR10ref.
froussios2019_star_featurecounts_ramses.sh will skip both steps above (already-present checks) and start directly at per-sample alignment once the fastq download finishes.
