                                 Started job on |	Aug 15 23:52:43
                             Started mapping on |	Aug 15 23:57:01
                                    Finished on |	Aug 16 00:03:05
       Mapping speed, Million of reads per hour |	463.83

                          Number of input reads |	46897915
                      Average input read length |	295
                                    UNIQUE READS:
                   Uniquely mapped reads number |	43811624
                        Uniquely mapped reads % |	93.42%
                          Average mapped length |	294.70
                       Number of splices: Total |	45775774
            Number of splices: Annotated (sjdb) |	45524587
                       Number of splices: GT/AG |	44924438
                       Number of splices: GC/AG |	520702
                       Number of splices: AT/AC |	17557
               Number of splices: Non-canonical |	313077
                      Mismatch rate per base, % |	0.47%
                         Deletion rate per base |	0.04%
                        Deletion average length |	2.89
                        Insertion rate per base |	0.03%
                       Insertion average length |	2.70
                             MULTI-MAPPING READS:
        Number of reads mapped to multiple loci |	0
             % of reads mapped to multiple loci |	0.00%
        Number of reads mapped to too many loci |	1432045
             % of reads mapped to too many loci |	3.05%
                                  UNMAPPED READS:
  Number of reads unmapped: too many mismatches |	0
       % of reads unmapped: too many mismatches |	0.00%
            Number of reads unmapped: too short |	1598200
                 % of reads unmapped: too short |	3.41%
                Number of reads unmapped: other |	56046
                     % of reads unmapped: other |	0.12%
                                  CHIMERIC READS:
                       Number of chimeric reads |	0
                            % of chimeric reads |	0.00%
