                                 Started job on |	Aug 16 03:44:52
                             Started mapping on |	Aug 16 03:46:42
                                    Finished on |	Aug 16 03:49:04
       Mapping speed, Million of reads per hour |	586.39

                          Number of input reads |	23129666
                      Average input read length |	297
                                    UNIQUE READS:
                   Uniquely mapped reads number |	21963476
                        Uniquely mapped reads % |	94.96%
                          Average mapped length |	296.04
                       Number of splices: Total |	20702110
            Number of splices: Annotated (sjdb) |	20605936
                       Number of splices: GT/AG |	20364392
                       Number of splices: GC/AG |	217114
                       Number of splices: AT/AC |	7728
               Number of splices: Non-canonical |	112876
                      Mismatch rate per base, % |	0.47%
                         Deletion rate per base |	0.02%
                        Deletion average length |	2.82
                        Insertion rate per base |	0.03%
                       Insertion average length |	2.88
                             MULTI-MAPPING READS:
        Number of reads mapped to multiple loci |	0
             % of reads mapped to multiple loci |	0.00%
        Number of reads mapped to too many loci |	753066
             % of reads mapped to too many loci |	3.26%
                                  UNMAPPED READS:
  Number of reads unmapped: too many mismatches |	0
       % of reads unmapped: too many mismatches |	0.00%
            Number of reads unmapped: too short |	397631
                 % of reads unmapped: too short |	1.72%
                Number of reads unmapped: other |	15493
                     % of reads unmapped: other |	0.07%
                                  CHIMERIC READS:
                       Number of chimeric reads |	0
                            % of chimeric reads |	0.00%
