                                 Started job on |	Aug 16 01:46:42
                             Started mapping on |	Aug 16 01:49:15
                                    Finished on |	Aug 16 01:56:05
       Mapping speed, Million of reads per hour |	279.31

                          Number of input reads |	31810700
                      Average input read length |	295
                                    UNIQUE READS:
                   Uniquely mapped reads number |	28882302
                        Uniquely mapped reads % |	90.79%
                          Average mapped length |	295.13
                       Number of splices: Total |	25532292
            Number of splices: Annotated (sjdb) |	25390609
                       Number of splices: GT/AG |	25075088
                       Number of splices: GC/AG |	271951
                       Number of splices: AT/AC |	8819
               Number of splices: Non-canonical |	176434
                      Mismatch rate per base, % |	0.47%
                         Deletion rate per base |	0.02%
                        Deletion average length |	2.82
                        Insertion rate per base |	0.03%
                       Insertion average length |	2.92
                             MULTI-MAPPING READS:
        Number of reads mapped to multiple loci |	0
             % of reads mapped to multiple loci |	0.00%
        Number of reads mapped to too many loci |	1786834
             % of reads mapped to too many loci |	5.62%
                                  UNMAPPED READS:
  Number of reads unmapped: too many mismatches |	0
       % of reads unmapped: too many mismatches |	0.00%
            Number of reads unmapped: too short |	1021421
                 % of reads unmapped: too short |	3.21%
                Number of reads unmapped: other |	120143
                     % of reads unmapped: other |	0.38%
                                  CHIMERIC READS:
                       Number of chimeric reads |	0
                            % of chimeric reads |	0.00%
