                                 Started job on |	Aug 15 21:04:21
                             Started mapping on |	Aug 15 21:07:21
                                    Finished on |	Aug 15 21:10:45
       Mapping speed, Million of reads per hour |	710.17

                          Number of input reads |	40243154
                      Average input read length |	296
                                    UNIQUE READS:
                   Uniquely mapped reads number |	37413714
                        Uniquely mapped reads % |	92.97%
                          Average mapped length |	295.14
                       Number of splices: Total |	32196596
            Number of splices: Annotated (sjdb) |	31936973
                       Number of splices: GT/AG |	31495552
                       Number of splices: GC/AG |	392300
                       Number of splices: AT/AC |	16704
               Number of splices: Non-canonical |	292040
                      Mismatch rate per base, % |	0.42%
                         Deletion rate per base |	0.02%
                        Deletion average length |	2.78
                        Insertion rate per base |	0.02%
                       Insertion average length |	2.21
                             MULTI-MAPPING READS:
        Number of reads mapped to multiple loci |	0
             % of reads mapped to multiple loci |	0.00%
        Number of reads mapped to too many loci |	2012756
             % of reads mapped to too many loci |	5.00%
                                  UNMAPPED READS:
  Number of reads unmapped: too many mismatches |	0
       % of reads unmapped: too many mismatches |	0.00%
            Number of reads unmapped: too short |	809275
                 % of reads unmapped: too short |	2.01%
                Number of reads unmapped: other |	7409
                     % of reads unmapped: other |	0.02%
                                  CHIMERIC READS:
                       Number of chimeric reads |	0
                            % of chimeric reads |	0.00%
