                                 Started job on |	Aug 15 22:33:15
                             Started mapping on |	Aug 15 22:36:26
                                    Finished on |	Aug 15 22:39:59
       Mapping speed, Million of reads per hour |	686.35

                          Number of input reads |	40609154
                      Average input read length |	297
                                    UNIQUE READS:
                   Uniquely mapped reads number |	37819274
                        Uniquely mapped reads % |	93.13%
                          Average mapped length |	296.00
                       Number of splices: Total |	34172143
            Number of splices: Annotated (sjdb) |	33917776
                       Number of splices: GT/AG |	33450439
                       Number of splices: GC/AG |	422881
                       Number of splices: AT/AC |	16406
               Number of splices: Non-canonical |	282417
                      Mismatch rate per base, % |	0.43%
                         Deletion rate per base |	0.02%
                        Deletion average length |	2.80
                        Insertion rate per base |	0.02%
                       Insertion average length |	2.13
                             MULTI-MAPPING READS:
        Number of reads mapped to multiple loci |	0
             % of reads mapped to multiple loci |	0.00%
        Number of reads mapped to too many loci |	1760613
             % of reads mapped to too many loci |	4.34%
                                  UNMAPPED READS:
  Number of reads unmapped: too many mismatches |	0
       % of reads unmapped: too many mismatches |	0.00%
            Number of reads unmapped: too short |	1022106
                 % of reads unmapped: too short |	2.52%
                Number of reads unmapped: other |	7161
                     % of reads unmapped: other |	0.02%
                                  CHIMERIC READS:
                       Number of chimeric reads |	0
                            % of chimeric reads |	0.00%
