                                 Started job on |	Aug 15 22:23:37
                             Started mapping on |	Aug 15 22:26:29
                                    Finished on |	Aug 15 22:31:07
       Mapping speed, Million of reads per hour |	483.21

                          Number of input reads |	37314461
                      Average input read length |	289
                                    UNIQUE READS:
                   Uniquely mapped reads number |	34679069
                        Uniquely mapped reads % |	92.94%
                          Average mapped length |	288.34
                       Number of splices: Total |	32489732
            Number of splices: Annotated (sjdb) |	32269587
                       Number of splices: GT/AG |	31907003
                       Number of splices: GC/AG |	333497
                       Number of splices: AT/AC |	13133
               Number of splices: Non-canonical |	236099
                      Mismatch rate per base, % |	0.45%
                         Deletion rate per base |	0.03%
                        Deletion average length |	2.87
                        Insertion rate per base |	0.02%
                       Insertion average length |	2.78
                             MULTI-MAPPING READS:
        Number of reads mapped to multiple loci |	0
             % of reads mapped to multiple loci |	0.00%
        Number of reads mapped to too many loci |	1074010
             % of reads mapped to too many loci |	2.88%
                                  UNMAPPED READS:
  Number of reads unmapped: too many mismatches |	0
       % of reads unmapped: too many mismatches |	0.00%
            Number of reads unmapped: too short |	1512171
                 % of reads unmapped: too short |	4.05%
                Number of reads unmapped: other |	49211
                     % of reads unmapped: other |	0.13%
                                  CHIMERIC READS:
                       Number of chimeric reads |	0
                            % of chimeric reads |	0.00%
