                                 Started job on |	Aug 15 21:41:21
                             Started mapping on |	Aug 15 21:44:38
                                    Finished on |	Aug 15 21:48:17
       Mapping speed, Million of reads per hour |	683.24

                          Number of input reads |	41563909
                      Average input read length |	296
                                    UNIQUE READS:
                   Uniquely mapped reads number |	38053737
                        Uniquely mapped reads % |	91.55%
                          Average mapped length |	294.88
                       Number of splices: Total |	31100914
            Number of splices: Annotated (sjdb) |	30822517
                       Number of splices: GT/AG |	30376507
                       Number of splices: GC/AG |	394636
                       Number of splices: AT/AC |	14868
               Number of splices: Non-canonical |	314903
                      Mismatch rate per base, % |	0.42%
                         Deletion rate per base |	0.02%
                        Deletion average length |	2.69
                        Insertion rate per base |	0.02%
                       Insertion average length |	2.24
                             MULTI-MAPPING READS:
        Number of reads mapped to multiple loci |	0
             % of reads mapped to multiple loci |	0.00%
        Number of reads mapped to too many loci |	2053800
             % of reads mapped to too many loci |	4.94%
                                  UNMAPPED READS:
  Number of reads unmapped: too many mismatches |	0
       % of reads unmapped: too many mismatches |	0.00%
            Number of reads unmapped: too short |	1450229
                 % of reads unmapped: too short |	3.49%
                Number of reads unmapped: other |	6143
                     % of reads unmapped: other |	0.01%
                                  CHIMERIC READS:
                       Number of chimeric reads |	0
                            % of chimeric reads |	0.00%
