                                 Started job on |	Aug 16 03:34:06
                             Started mapping on |	Aug 16 03:35:54
                                    Finished on |	Aug 16 03:37:42
       Mapping speed, Million of reads per hour |	650.86

                          Number of input reads |	19525820
                      Average input read length |	297
                                    UNIQUE READS:
                   Uniquely mapped reads number |	18263464
                        Uniquely mapped reads % |	93.53%
                          Average mapped length |	296.19
                       Number of splices: Total |	20036252
            Number of splices: Annotated (sjdb) |	19974275
                       Number of splices: GT/AG |	19729394
                       Number of splices: GC/AG |	222643
                       Number of splices: AT/AC |	9370
               Number of splices: Non-canonical |	74845
                      Mismatch rate per base, % |	0.48%
                         Deletion rate per base |	0.03%
                        Deletion average length |	2.86
                        Insertion rate per base |	0.03%
                       Insertion average length |	2.63
                             MULTI-MAPPING READS:
        Number of reads mapped to multiple loci |	0
             % of reads mapped to multiple loci |	0.00%
        Number of reads mapped to too many loci |	625169
             % of reads mapped to too many loci |	3.20%
                                  UNMAPPED READS:
  Number of reads unmapped: too many mismatches |	0
       % of reads unmapped: too many mismatches |	0.00%
            Number of reads unmapped: too short |	633934
                 % of reads unmapped: too short |	3.25%
                Number of reads unmapped: other |	3253
                     % of reads unmapped: other |	0.02%
                                  CHIMERIC READS:
                       Number of chimeric reads |	0
                            % of chimeric reads |	0.00%
