                                 Started job on |	Aug 15 20:37:52
                             Started mapping on |	Aug 15 20:40:29
                                    Finished on |	Aug 15 20:44:33
       Mapping speed, Million of reads per hour |	457.78

                          Number of input reads |	31027390
                      Average input read length |	296
                                    UNIQUE READS:
                   Uniquely mapped reads number |	28889597
                        Uniquely mapped reads % |	93.11%
                          Average mapped length |	295.12
                       Number of splices: Total |	28795418
            Number of splices: Annotated (sjdb) |	28631264
                       Number of splices: GT/AG |	28287794
                       Number of splices: GC/AG |	307170
                       Number of splices: AT/AC |	11714
               Number of splices: Non-canonical |	188740
                      Mismatch rate per base, % |	0.45%
                         Deletion rate per base |	0.03%
                        Deletion average length |	2.90
                        Insertion rate per base |	0.02%
                       Insertion average length |	2.91
                             MULTI-MAPPING READS:
        Number of reads mapped to multiple loci |	0
             % of reads mapped to multiple loci |	0.00%
        Number of reads mapped to too many loci |	942280
             % of reads mapped to too many loci |	3.04%
                                  UNMAPPED READS:
  Number of reads unmapped: too many mismatches |	0
       % of reads unmapped: too many mismatches |	0.00%
            Number of reads unmapped: too short |	1157603
                 % of reads unmapped: too short |	3.73%
                Number of reads unmapped: other |	37910
                     % of reads unmapped: other |	0.12%
                                  CHIMERIC READS:
                       Number of chimeric reads |	0
                            % of chimeric reads |	0.00%
