                                 Started job on |	Aug 15 23:12:21
                             Started mapping on |	Aug 15 23:14:36
                                    Finished on |	Aug 15 23:17:02
       Mapping speed, Million of reads per hour |	682.05

                          Number of input reads |	27660833
                      Average input read length |	295
                                    UNIQUE READS:
                   Uniquely mapped reads number |	25629541
                        Uniquely mapped reads % |	92.66%
                          Average mapped length |	293.91
                       Number of splices: Total |	23089880
            Number of splices: Annotated (sjdb) |	22955166
                       Number of splices: GT/AG |	22633765
                       Number of splices: GC/AG |	291772
                       Number of splices: AT/AC |	11660
               Number of splices: Non-canonical |	152683
                      Mismatch rate per base, % |	0.48%
                         Deletion rate per base |	0.02%
                        Deletion average length |	2.81
                        Insertion rate per base |	0.02%
                       Insertion average length |	2.29
                             MULTI-MAPPING READS:
        Number of reads mapped to multiple loci |	0
             % of reads mapped to multiple loci |	0.00%
        Number of reads mapped to too many loci |	1158725
             % of reads mapped to too many loci |	4.19%
                                  UNMAPPED READS:
  Number of reads unmapped: too many mismatches |	0
       % of reads unmapped: too many mismatches |	0.00%
            Number of reads unmapped: too short |	867688
                 % of reads unmapped: too short |	3.14%
                Number of reads unmapped: other |	4879
                     % of reads unmapped: other |	0.02%
                                  CHIMERIC READS:
                       Number of chimeric reads |	0
                            % of chimeric reads |	0.00%
