                                 Started job on |	Aug 15 19:39:35
                             Started mapping on |	Aug 15 19:41:51
                                    Finished on |	Aug 15 19:44:34
       Mapping speed, Million of reads per hour |	642.76

                          Number of input reads |	29102618
                      Average input read length |	295
                                    UNIQUE READS:
                   Uniquely mapped reads number |	26863012
                        Uniquely mapped reads % |	92.30%
                          Average mapped length |	294.46
                       Number of splices: Total |	24838787
            Number of splices: Annotated (sjdb) |	24669540
                       Number of splices: GT/AG |	24373906
                       Number of splices: GC/AG |	267600
                       Number of splices: AT/AC |	10459
               Number of splices: Non-canonical |	186822
                      Mismatch rate per base, % |	0.41%
                         Deletion rate per base |	0.02%
                        Deletion average length |	2.81
                        Insertion rate per base |	0.02%
                       Insertion average length |	2.68
                             MULTI-MAPPING READS:
        Number of reads mapped to multiple loci |	0
             % of reads mapped to multiple loci |	0.00%
        Number of reads mapped to too many loci |	867464
             % of reads mapped to too many loci |	2.98%
                                  UNMAPPED READS:
  Number of reads unmapped: too many mismatches |	0
       % of reads unmapped: too many mismatches |	0.00%
            Number of reads unmapped: too short |	1358493
                 % of reads unmapped: too short |	4.67%
                Number of reads unmapped: other |	13649
                     % of reads unmapped: other |	0.05%
                                  CHIMERIC READS:
                       Number of chimeric reads |	0
                            % of chimeric reads |	0.00%
