                                 Started job on |	Aug 16 01:32:01
                             Started mapping on |	Aug 16 01:34:00
                                    Finished on |	Aug 16 01:37:00
       Mapping speed, Million of reads per hour |	505.49

                          Number of input reads |	25274662
                      Average input read length |	296
                                    UNIQUE READS:
                   Uniquely mapped reads number |	23757722
                        Uniquely mapped reads % |	94.00%
                          Average mapped length |	295.60
                       Number of splices: Total |	22186350
            Number of splices: Annotated (sjdb) |	22085510
                       Number of splices: GT/AG |	21804168
                       Number of splices: GC/AG |	256841
                       Number of splices: AT/AC |	7351
               Number of splices: Non-canonical |	117990
                      Mismatch rate per base, % |	0.47%
                         Deletion rate per base |	0.02%
                        Deletion average length |	2.85
                        Insertion rate per base |	0.03%
                       Insertion average length |	2.99
                             MULTI-MAPPING READS:
        Number of reads mapped to multiple loci |	0
             % of reads mapped to multiple loci |	0.00%
        Number of reads mapped to too many loci |	940436
             % of reads mapped to too many loci |	3.72%
                                  UNMAPPED READS:
  Number of reads unmapped: too many mismatches |	0
       % of reads unmapped: too many mismatches |	0.00%
            Number of reads unmapped: too short |	542814
                 % of reads unmapped: too short |	2.15%
                Number of reads unmapped: other |	33690
                     % of reads unmapped: other |	0.13%
                                  CHIMERIC READS:
                       Number of chimeric reads |	0
                            % of chimeric reads |	0.00%
