                                 Started job on |	Aug 15 23:41:58
                             Started mapping on |	Aug 15 23:45:50
                                    Finished on |	Aug 15 23:50:42
       Mapping speed, Million of reads per hour |	525.51

                          Number of input reads |	42624915
                      Average input read length |	297
                                    UNIQUE READS:
                   Uniquely mapped reads number |	40288707
                        Uniquely mapped reads % |	94.52%
                          Average mapped length |	296.58
                       Number of splices: Total |	43252632
            Number of splices: Annotated (sjdb) |	43058978
                       Number of splices: GT/AG |	42487797
                       Number of splices: GC/AG |	515674
                       Number of splices: AT/AC |	17973
               Number of splices: Non-canonical |	231188
                      Mismatch rate per base, % |	0.47%
                         Deletion rate per base |	0.04%
                        Deletion average length |	2.88
                        Insertion rate per base |	0.03%
                       Insertion average length |	2.67
                             MULTI-MAPPING READS:
        Number of reads mapped to multiple loci |	0
             % of reads mapped to multiple loci |	0.00%
        Number of reads mapped to too many loci |	1196651
             % of reads mapped to too many loci |	2.81%
                                  UNMAPPED READS:
  Number of reads unmapped: too many mismatches |	0
       % of reads unmapped: too many mismatches |	0.00%
            Number of reads unmapped: too short |	1108381
                 % of reads unmapped: too short |	2.60%
                Number of reads unmapped: other |	31176
                     % of reads unmapped: other |	0.07%
                                  CHIMERIC READS:
                       Number of chimeric reads |	0
                            % of chimeric reads |	0.00%
