                                 Started job on |	Aug 16 02:48:43
                             Started mapping on |	Aug 16 02:50:39
                                    Finished on |	Aug 16 02:53:53
       Mapping speed, Million of reads per hour |	443.53

                          Number of input reads |	23901546
                      Average input read length |	296
                                    UNIQUE READS:
                   Uniquely mapped reads number |	22356157
                        Uniquely mapped reads % |	93.53%
                          Average mapped length |	295.44
                       Number of splices: Total |	19949880
            Number of splices: Annotated (sjdb) |	19840002
                       Number of splices: GT/AG |	19590555
                       Number of splices: GC/AG |	217009
                       Number of splices: AT/AC |	6563
               Number of splices: Non-canonical |	135753
                      Mismatch rate per base, % |	0.49%
                         Deletion rate per base |	0.02%
                        Deletion average length |	2.83
                        Insertion rate per base |	0.03%
                       Insertion average length |	2.99
                             MULTI-MAPPING READS:
        Number of reads mapped to multiple loci |	0
             % of reads mapped to multiple loci |	0.00%
        Number of reads mapped to too many loci |	1158414
             % of reads mapped to too many loci |	4.85%
                                  UNMAPPED READS:
  Number of reads unmapped: too many mismatches |	0
       % of reads unmapped: too many mismatches |	0.00%
            Number of reads unmapped: too short |	345549
                 % of reads unmapped: too short |	1.45%
                Number of reads unmapped: other |	41426
                     % of reads unmapped: other |	0.17%
                                  CHIMERIC READS:
                       Number of chimeric reads |	0
                            % of chimeric reads |	0.00%
