                                 Started job on |	Aug 16 02:05:30
                             Started mapping on |	Aug 16 02:07:41
                                    Finished on |	Aug 16 02:11:45
       Mapping speed, Million of reads per hour |	389.24

                          Number of input reads |	26382132
                      Average input read length |	296
                                    UNIQUE READS:
                   Uniquely mapped reads number |	23995604
                        Uniquely mapped reads % |	90.95%
                          Average mapped length |	295.42
                       Number of splices: Total |	19765123
            Number of splices: Annotated (sjdb) |	19627247
                       Number of splices: GT/AG |	19379350
                       Number of splices: GC/AG |	219126
                       Number of splices: AT/AC |	5991
               Number of splices: Non-canonical |	160656
                      Mismatch rate per base, % |	0.45%
                         Deletion rate per base |	0.02%
                        Deletion average length |	2.74
                        Insertion rate per base |	0.03%
                       Insertion average length |	2.85
                             MULTI-MAPPING READS:
        Number of reads mapped to multiple loci |	0
             % of reads mapped to multiple loci |	0.00%
        Number of reads mapped to too many loci |	1369767
             % of reads mapped to too many loci |	5.19%
                                  UNMAPPED READS:
  Number of reads unmapped: too many mismatches |	0
       % of reads unmapped: too many mismatches |	0.00%
            Number of reads unmapped: too short |	920748
                 % of reads unmapped: too short |	3.49%
                Number of reads unmapped: other |	96013
                     % of reads unmapped: other |	0.36%
                                  CHIMERIC READS:
                       Number of chimeric reads |	0
                            % of chimeric reads |	0.00%
