                                 Started job on |	Aug 15 22:49:53
                             Started mapping on |	Aug 15 22:52:57
                                    Finished on |	Aug 15 22:56:48
       Mapping speed, Million of reads per hour |	634.90

                          Number of input reads |	40739135
                      Average input read length |	296
                                    UNIQUE READS:
                   Uniquely mapped reads number |	38280225
                        Uniquely mapped reads % |	93.96%
                          Average mapped length |	295.32
                       Number of splices: Total |	38766273
            Number of splices: Annotated (sjdb) |	38604212
                       Number of splices: GT/AG |	38148773
                       Number of splices: GC/AG |	416829
                       Number of splices: AT/AC |	16710
               Number of splices: Non-canonical |	183961
                      Mismatch rate per base, % |	0.43%
                         Deletion rate per base |	0.02%
                        Deletion average length |	2.84
                        Insertion rate per base |	0.02%
                       Insertion average length |	3.14
                             MULTI-MAPPING READS:
        Number of reads mapped to multiple loci |	0
             % of reads mapped to multiple loci |	0.00%
        Number of reads mapped to too many loci |	1085762
             % of reads mapped to too many loci |	2.67%
                                  UNMAPPED READS:
  Number of reads unmapped: too many mismatches |	0
       % of reads unmapped: too many mismatches |	0.00%
            Number of reads unmapped: too short |	1346900
                 % of reads unmapped: too short |	3.31%
                Number of reads unmapped: other |	26248
                     % of reads unmapped: other |	0.06%
                                  CHIMERIC READS:
                       Number of chimeric reads |	0
                            % of chimeric reads |	0.00%
