                                 Started job on |	Aug 16 02:27:20
                             Started mapping on |	Aug 16 02:29:09
                                    Finished on |	Aug 16 02:32:59
       Mapping speed, Million of reads per hour |	332.78

                          Number of input reads |	21260961
                      Average input read length |	296
                                    UNIQUE READS:
                   Uniquely mapped reads number |	19625400
                        Uniquely mapped reads % |	92.31%
                          Average mapped length |	295.15
                       Number of splices: Total |	17459108
            Number of splices: Annotated (sjdb) |	17375206
                       Number of splices: GT/AG |	17135966
                       Number of splices: GC/AG |	208581
                       Number of splices: AT/AC |	6379
               Number of splices: Non-canonical |	108182
                      Mismatch rate per base, % |	0.49%
                         Deletion rate per base |	0.02%
                        Deletion average length |	2.85
                        Insertion rate per base |	0.03%
                       Insertion average length |	3.40
                             MULTI-MAPPING READS:
        Number of reads mapped to multiple loci |	0
             % of reads mapped to multiple loci |	0.00%
        Number of reads mapped to too many loci |	1169322
             % of reads mapped to too many loci |	5.50%
                                  UNMAPPED READS:
  Number of reads unmapped: too many mismatches |	0
       % of reads unmapped: too many mismatches |	0.00%
            Number of reads unmapped: too short |	420124
                 % of reads unmapped: too short |	1.98%
                Number of reads unmapped: other |	46115
                     % of reads unmapped: other |	0.22%
                                  CHIMERIC READS:
                       Number of chimeric reads |	0
                            % of chimeric reads |	0.00%
