                                 Started job on |	Aug 15 20:56:18
                             Started mapping on |	Aug 15 20:59:05
                                    Finished on |	Aug 15 21:02:16
       Mapping speed, Million of reads per hour |	711.07

                          Number of input reads |	37726082
                      Average input read length |	297
                                    UNIQUE READS:
                   Uniquely mapped reads number |	34679756
                        Uniquely mapped reads % |	91.93%
                          Average mapped length |	295.66
                       Number of splices: Total |	29715861
            Number of splices: Annotated (sjdb) |	29518692
                       Number of splices: GT/AG |	29140481
                       Number of splices: GC/AG |	315114
                       Number of splices: AT/AC |	18010
               Number of splices: Non-canonical |	242256
                      Mismatch rate per base, % |	0.44%
                         Deletion rate per base |	0.02%
                        Deletion average length |	2.76
                        Insertion rate per base |	0.02%
                       Insertion average length |	2.63
                             MULTI-MAPPING READS:
        Number of reads mapped to multiple loci |	0
             % of reads mapped to multiple loci |	0.00%
        Number of reads mapped to too many loci |	1766314
             % of reads mapped to too many loci |	4.68%
                                  UNMAPPED READS:
  Number of reads unmapped: too many mismatches |	0
       % of reads unmapped: too many mismatches |	0.00%
            Number of reads unmapped: too short |	1273009
                 % of reads unmapped: too short |	3.37%
                Number of reads unmapped: other |	7003
                     % of reads unmapped: other |	0.02%
                                  CHIMERIC READS:
                       Number of chimeric reads |	0
                            % of chimeric reads |	0.00%
