                                 Started job on |	Aug 15 23:19:08
                             Started mapping on |	Aug 15 23:23:17
                                    Finished on |	Aug 15 23:31:24
       Mapping speed, Million of reads per hour |	357.54

                          Number of input reads |	48367538
                      Average input read length |	296
                                    UNIQUE READS:
                   Uniquely mapped reads number |	45409368
                        Uniquely mapped reads % |	93.88%
                          Average mapped length |	295.88
                       Number of splices: Total |	46404909
            Number of splices: Annotated (sjdb) |	46079673
                       Number of splices: GT/AG |	45487906
                       Number of splices: GC/AG |	533315
                       Number of splices: AT/AC |	19647
               Number of splices: Non-canonical |	364041
                      Mismatch rate per base, % |	0.46%
                         Deletion rate per base |	0.03%
                        Deletion average length |	2.79
                        Insertion rate per base |	0.03%
                       Insertion average length |	2.65
                             MULTI-MAPPING READS:
        Number of reads mapped to multiple loci |	0
             % of reads mapped to multiple loci |	0.00%
        Number of reads mapped to too many loci |	1634975
             % of reads mapped to too many loci |	3.38%
                                  UNMAPPED READS:
  Number of reads unmapped: too many mismatches |	0
       % of reads unmapped: too many mismatches |	0.00%
            Number of reads unmapped: too short |	1249930
                 % of reads unmapped: too short |	2.58%
                Number of reads unmapped: other |	73265
                     % of reads unmapped: other |	0.15%
                                  CHIMERIC READS:
                       Number of chimeric reads |	0
                            % of chimeric reads |	0.00%
