                                 Started job on |	Aug 16 00:39:46
                             Started mapping on |	Aug 16 00:43:42
                                    Finished on |	Aug 16 00:47:59
       Mapping speed, Million of reads per hour |	627.13

                          Number of input reads |	44769991
                      Average input read length |	297
                                    UNIQUE READS:
                   Uniquely mapped reads number |	42219106
                        Uniquely mapped reads % |	94.30%
                          Average mapped length |	296.01
                       Number of splices: Total |	45964820
            Number of splices: Annotated (sjdb) |	45860540
                       Number of splices: GT/AG |	45249837
                       Number of splices: GC/AG |	540158
                       Number of splices: AT/AC |	21937
               Number of splices: Non-canonical |	152888
                      Mismatch rate per base, % |	0.47%
                         Deletion rate per base |	0.03%
                        Deletion average length |	2.79
                        Insertion rate per base |	0.03%
                       Insertion average length |	2.68
                             MULTI-MAPPING READS:
        Number of reads mapped to multiple loci |	0
             % of reads mapped to multiple loci |	0.00%
        Number of reads mapped to too many loci |	1232737
             % of reads mapped to too many loci |	2.75%
                                  UNMAPPED READS:
  Number of reads unmapped: too many mismatches |	0
       % of reads unmapped: too many mismatches |	0.00%
            Number of reads unmapped: too short |	1309262
                 % of reads unmapped: too short |	2.92%
                Number of reads unmapped: other |	8886
                     % of reads unmapped: other |	0.02%
                                  CHIMERIC READS:
                       Number of chimeric reads |	0
                            % of chimeric reads |	0.00%
