                                 Started job on |	Aug 15 21:12:57
                             Started mapping on |	Aug 15 21:16:05
                                    Finished on |	Aug 15 21:19:35
       Mapping speed, Million of reads per hour |	756.12

                          Number of input reads |	44107264
                      Average input read length |	295
                                    UNIQUE READS:
                   Uniquely mapped reads number |	40342667
                        Uniquely mapped reads % |	91.46%
                          Average mapped length |	293.34
                       Number of splices: Total |	30111556
            Number of splices: Annotated (sjdb) |	29736355
                       Number of splices: GT/AG |	29337016
                       Number of splices: GC/AG |	350422
                       Number of splices: AT/AC |	15781
               Number of splices: Non-canonical |	408337
                      Mismatch rate per base, % |	0.40%
                         Deletion rate per base |	0.02%
                        Deletion average length |	2.54
                        Insertion rate per base |	0.02%
                       Insertion average length |	2.19
                             MULTI-MAPPING READS:
        Number of reads mapped to multiple loci |	0
             % of reads mapped to multiple loci |	0.00%
        Number of reads mapped to too many loci |	2314205
             % of reads mapped to too many loci |	5.25%
                                  UNMAPPED READS:
  Number of reads unmapped: too many mismatches |	0
       % of reads unmapped: too many mismatches |	0.00%
            Number of reads unmapped: too short |	1445131
                 % of reads unmapped: too short |	3.28%
                Number of reads unmapped: other |	5261
                     % of reads unmapped: other |	0.01%
                                  CHIMERIC READS:
                       Number of chimeric reads |	0
                            % of chimeric reads |	0.00%
