                                 Started job on |	Aug 15 19:52:38
                             Started mapping on |	Aug 15 19:55:06
                                    Finished on |	Aug 15 19:57:50
       Mapping speed, Million of reads per hour |	714.03

                          Number of input reads |	32528166
                      Average input read length |	294
                                    UNIQUE READS:
                   Uniquely mapped reads number |	29787143
                        Uniquely mapped reads % |	91.57%
                          Average mapped length |	292.93
                       Number of splices: Total |	25584231
            Number of splices: Annotated (sjdb) |	25415171
                       Number of splices: GT/AG |	25087903
                       Number of splices: GC/AG |	274080
                       Number of splices: AT/AC |	13629
               Number of splices: Non-canonical |	208619
                      Mismatch rate per base, % |	0.44%
                         Deletion rate per base |	0.02%
                        Deletion average length |	2.74
                        Insertion rate per base |	0.02%
                       Insertion average length |	2.75
                             MULTI-MAPPING READS:
        Number of reads mapped to multiple loci |	0
             % of reads mapped to multiple loci |	0.00%
        Number of reads mapped to too many loci |	1493310
             % of reads mapped to too many loci |	4.59%
                                  UNMAPPED READS:
  Number of reads unmapped: too many mismatches |	0
       % of reads unmapped: too many mismatches |	0.00%
            Number of reads unmapped: too short |	1243063
                 % of reads unmapped: too short |	3.82%
                Number of reads unmapped: other |	4650
                     % of reads unmapped: other |	0.01%
                                  CHIMERIC READS:
                       Number of chimeric reads |	0
                            % of chimeric reads |	0.00%
