                                 Started job on |	Aug 15 20:16:31
                             Started mapping on |	Aug 15 20:19:30
                                    Finished on |	Aug 15 20:26:20
       Mapping speed, Million of reads per hour |	330.39

                          Number of input reads |	37627798
                      Average input read length |	293
                                    UNIQUE READS:
                   Uniquely mapped reads number |	34759576
                        Uniquely mapped reads % |	92.38%
                          Average mapped length |	292.54
                       Number of splices: Total |	31508292
            Number of splices: Annotated (sjdb) |	31143125
                       Number of splices: GT/AG |	30769462
                       Number of splices: GC/AG |	334112
                       Number of splices: AT/AC |	10730
               Number of splices: Non-canonical |	393988
                      Mismatch rate per base, % |	0.47%
                         Deletion rate per base |	0.03%
                        Deletion average length |	2.90
                        Insertion rate per base |	0.02%
                       Insertion average length |	2.86
                             MULTI-MAPPING READS:
        Number of reads mapped to multiple loci |	0
             % of reads mapped to multiple loci |	0.00%
        Number of reads mapped to too many loci |	1437565
             % of reads mapped to too many loci |	3.82%
                                  UNMAPPED READS:
  Number of reads unmapped: too many mismatches |	0
       % of reads unmapped: too many mismatches |	0.00%
            Number of reads unmapped: too short |	1307280
                 % of reads unmapped: too short |	3.47%
                Number of reads unmapped: other |	123377
                     % of reads unmapped: other |	0.33%
                                  CHIMERIC READS:
                       Number of chimeric reads |	0
                            % of chimeric reads |	0.00%
