                                 Started job on |	Aug 15 20:46:48
                             Started mapping on |	Aug 15 20:50:21
                                    Finished on |	Aug 15 20:54:22
       Mapping speed, Million of reads per hour |	676.55

                          Number of input reads |	45291086
                      Average input read length |	296
                                    UNIQUE READS:
                   Uniquely mapped reads number |	42605448
                        Uniquely mapped reads % |	94.07%
                          Average mapped length |	295.91
                       Number of splices: Total |	41406155
            Number of splices: Annotated (sjdb) |	41251447
                       Number of splices: GT/AG |	40741851
                       Number of splices: GC/AG |	445999
                       Number of splices: AT/AC |	19770
               Number of splices: Non-canonical |	198535
                      Mismatch rate per base, % |	0.42%
                         Deletion rate per base |	0.02%
                        Deletion average length |	2.85
                        Insertion rate per base |	0.02%
                       Insertion average length |	2.93
                             MULTI-MAPPING READS:
        Number of reads mapped to multiple loci |	0
             % of reads mapped to multiple loci |	0.00%
        Number of reads mapped to too many loci |	1397644
             % of reads mapped to too many loci |	3.09%
                                  UNMAPPED READS:
  Number of reads unmapped: too many mismatches |	0
       % of reads unmapped: too many mismatches |	0.00%
            Number of reads unmapped: too short |	1278249
                 % of reads unmapped: too short |	2.82%
                Number of reads unmapped: other |	9745
                     % of reads unmapped: other |	0.02%
                                  CHIMERIC READS:
                       Number of chimeric reads |	0
                            % of chimeric reads |	0.00%
