                                 Started job on |	Aug 16 01:14:52
                             Started mapping on |	Aug 16 01:16:51
                                    Finished on |	Aug 16 01:18:57
       Mapping speed, Million of reads per hour |	645.83

                          Number of input reads |	22604213
                      Average input read length |	297
                                    UNIQUE READS:
                   Uniquely mapped reads number |	21281234
                        Uniquely mapped reads % |	94.15%
                          Average mapped length |	296.07
                       Number of splices: Total |	23879644
            Number of splices: Annotated (sjdb) |	23803288
                       Number of splices: GT/AG |	23528373
                       Number of splices: GC/AG |	252517
                       Number of splices: AT/AC |	10839
               Number of splices: Non-canonical |	87915
                      Mismatch rate per base, % |	0.50%
                         Deletion rate per base |	0.03%
                        Deletion average length |	2.83
                        Insertion rate per base |	0.03%
                       Insertion average length |	2.52
                             MULTI-MAPPING READS:
        Number of reads mapped to multiple loci |	0
             % of reads mapped to multiple loci |	0.00%
        Number of reads mapped to too many loci |	603414
             % of reads mapped to too many loci |	2.67%
                                  UNMAPPED READS:
  Number of reads unmapped: too many mismatches |	0
       % of reads unmapped: too many mismatches |	0.00%
            Number of reads unmapped: too short |	715248
                 % of reads unmapped: too short |	3.16%
                Number of reads unmapped: other |	4317
                     % of reads unmapped: other |	0.02%
                                  CHIMERIC READS:
                       Number of chimeric reads |	0
                            % of chimeric reads |	0.00%
