                                 Started job on |	Aug 16 03:07:45
                             Started mapping on |	Aug 16 03:09:50
                                    Finished on |	Aug 16 03:12:07
       Mapping speed, Million of reads per hour |	707.22

                          Number of input reads |	26913627
                      Average input read length |	297
                                    UNIQUE READS:
                   Uniquely mapped reads number |	25678330
                        Uniquely mapped reads % |	95.41%
                          Average mapped length |	296.36
                       Number of splices: Total |	27903369
            Number of splices: Annotated (sjdb) |	27842650
                       Number of splices: GT/AG |	27511746
                       Number of splices: GC/AG |	298210
                       Number of splices: AT/AC |	13038
               Number of splices: Non-canonical |	80375
                      Mismatch rate per base, % |	0.47%
                         Deletion rate per base |	0.03%
                        Deletion average length |	2.89
                        Insertion rate per base |	0.03%
                       Insertion average length |	2.90
                             MULTI-MAPPING READS:
        Number of reads mapped to multiple loci |	0
             % of reads mapped to multiple loci |	0.00%
        Number of reads mapped to too many loci |	683007
             % of reads mapped to too many loci |	2.54%
                                  UNMAPPED READS:
  Number of reads unmapped: too many mismatches |	0
       % of reads unmapped: too many mismatches |	0.00%
            Number of reads unmapped: too short |	546611
                 % of reads unmapped: too short |	2.03%
                Number of reads unmapped: other |	5679
                     % of reads unmapped: other |	0.02%
                                  CHIMERIC READS:
                       Number of chimeric reads |	0
                            % of chimeric reads |	0.00%
