                                 Started job on |	Aug 16 03:50:26
                             Started mapping on |	Aug 16 03:52:31
                                    Finished on |	Aug 16 03:54:44
       Mapping speed, Million of reads per hour |	704.19

                          Number of input reads |	26016013
                      Average input read length |	296
                                    UNIQUE READS:
                   Uniquely mapped reads number |	25090032
                        Uniquely mapped reads % |	96.44%
                          Average mapped length |	295.35
                       Number of splices: Total |	26663007
            Number of splices: Annotated (sjdb) |	26556131
                       Number of splices: GT/AG |	26252518
                       Number of splices: GC/AG |	278941
                       Number of splices: AT/AC |	10653
               Number of splices: Non-canonical |	120895
                      Mismatch rate per base, % |	0.47%
                         Deletion rate per base |	0.03%
                        Deletion average length |	2.90
                        Insertion rate per base |	0.03%
                       Insertion average length |	2.71
                             MULTI-MAPPING READS:
        Number of reads mapped to multiple loci |	0
             % of reads mapped to multiple loci |	0.00%
        Number of reads mapped to too many loci |	688597
             % of reads mapped to too many loci |	2.65%
                                  UNMAPPED READS:
  Number of reads unmapped: too many mismatches |	0
       % of reads unmapped: too many mismatches |	0.00%
            Number of reads unmapped: too short |	233207
                 % of reads unmapped: too short |	0.90%
                Number of reads unmapped: other |	4177
                     % of reads unmapped: other |	0.02%
                                  CHIMERIC READS:
                       Number of chimeric reads |	0
                            % of chimeric reads |	0.00%
