                                 Started job on |	Aug 16 03:38:49
                             Started mapping on |	Aug 16 03:40:34
                                    Finished on |	Aug 16 03:43:37
       Mapping speed, Million of reads per hour |	416.60

                          Number of input reads |	21177337
                      Average input read length |	296
                                    UNIQUE READS:
                   Uniquely mapped reads number |	19680473
                        Uniquely mapped reads % |	92.93%
                          Average mapped length |	296.08
                       Number of splices: Total |	17505157
            Number of splices: Annotated (sjdb) |	17410846
                       Number of splices: GT/AG |	17158138
                       Number of splices: GC/AG |	220236
                       Number of splices: AT/AC |	5524
               Number of splices: Non-canonical |	121259
                      Mismatch rate per base, % |	0.49%
                         Deletion rate per base |	0.02%
                        Deletion average length |	2.80
                        Insertion rate per base |	0.03%
                       Insertion average length |	2.96
                             MULTI-MAPPING READS:
        Number of reads mapped to multiple loci |	0
             % of reads mapped to multiple loci |	0.00%
        Number of reads mapped to too many loci |	1263376
             % of reads mapped to too many loci |	5.97%
                                  UNMAPPED READS:
  Number of reads unmapped: too many mismatches |	0
       % of reads unmapped: too many mismatches |	0.00%
            Number of reads unmapped: too short |	191539
                 % of reads unmapped: too short |	0.90%
                Number of reads unmapped: other |	41949
                     % of reads unmapped: other |	0.20%
                                  CHIMERIC READS:
                       Number of chimeric reads |	0
                            % of chimeric reads |	0.00%
