                                 Started job on |	Aug 16 03:01:38
                             Started mapping on |	Aug 16 03:03:50
                                    Finished on |	Aug 16 03:06:20
       Mapping speed, Million of reads per hour |	733.03

                          Number of input reads |	30543087
                      Average input read length |	296
                                    UNIQUE READS:
                   Uniquely mapped reads number |	29158740
                        Uniquely mapped reads % |	95.47%
                          Average mapped length |	294.72
                       Number of splices: Total |	26970776
            Number of splices: Annotated (sjdb) |	26762718
                       Number of splices: GT/AG |	26442089
                       Number of splices: GC/AG |	289548
                       Number of splices: AT/AC |	9791
               Number of splices: Non-canonical |	229348
                      Mismatch rate per base, % |	0.44%
                         Deletion rate per base |	0.02%
                        Deletion average length |	2.73
                        Insertion rate per base |	0.03%
                       Insertion average length |	2.56
                             MULTI-MAPPING READS:
        Number of reads mapped to multiple loci |	0
             % of reads mapped to multiple loci |	0.00%
        Number of reads mapped to too many loci |	1005114
             % of reads mapped to too many loci |	3.29%
                                  UNMAPPED READS:
  Number of reads unmapped: too many mismatches |	0
       % of reads unmapped: too many mismatches |	0.00%
            Number of reads unmapped: too short |	373460
                 % of reads unmapped: too short |	1.22%
                Number of reads unmapped: other |	5773
                     % of reads unmapped: other |	0.02%
                                  CHIMERIC READS:
                       Number of chimeric reads |	0
                            % of chimeric reads |	0.00%
