                                 Started job on |	Aug 16 03:56:07
                             Started mapping on |	Aug 16 03:58:13
                                    Finished on |	Aug 16 04:00:27
       Mapping speed, Million of reads per hour |	702.97

                          Number of input reads |	26166027
                      Average input read length |	297
                                    UNIQUE READS:
                   Uniquely mapped reads number |	25075483
                        Uniquely mapped reads % |	95.83%
                          Average mapped length |	296.16
                       Number of splices: Total |	26024428
            Number of splices: Annotated (sjdb) |	25929113
                       Number of splices: GT/AG |	25629536
                       Number of splices: GC/AG |	273365
                       Number of splices: AT/AC |	12087
               Number of splices: Non-canonical |	109440
                      Mismatch rate per base, % |	0.47%
                         Deletion rate per base |	0.03%
                        Deletion average length |	2.88
                        Insertion rate per base |	0.03%
                       Insertion average length |	2.76
                             MULTI-MAPPING READS:
        Number of reads mapped to multiple loci |	0
             % of reads mapped to multiple loci |	0.00%
        Number of reads mapped to too many loci |	747979
             % of reads mapped to too many loci |	2.86%
                                  UNMAPPED READS:
  Number of reads unmapped: too many mismatches |	0
       % of reads unmapped: too many mismatches |	0.00%
            Number of reads unmapped: too short |	336543
                 % of reads unmapped: too short |	1.29%
                Number of reads unmapped: other |	6022
                     % of reads unmapped: other |	0.02%
                                  CHIMERIC READS:
                       Number of chimeric reads |	0
                            % of chimeric reads |	0.00%
