                                 Started job on |	Aug 16 00:48:56
                             Started mapping on |	Aug 16 00:50:30
                                    Finished on |	Aug 16 00:52:23
       Mapping speed, Million of reads per hour |	564.84

                          Number of input reads |	17729689
                      Average input read length |	297
                                    UNIQUE READS:
                   Uniquely mapped reads number |	16946318
                        Uniquely mapped reads % |	95.58%
                          Average mapped length |	296.26
                       Number of splices: Total |	17777309
            Number of splices: Annotated (sjdb) |	17708426
                       Number of splices: GT/AG |	17495195
                       Number of splices: GC/AG |	197526
                       Number of splices: AT/AC |	7180
               Number of splices: Non-canonical |	77408
                      Mismatch rate per base, % |	0.48%
                         Deletion rate per base |	0.03%
                        Deletion average length |	2.84
                        Insertion rate per base |	0.03%
                       Insertion average length |	2.63
                             MULTI-MAPPING READS:
        Number of reads mapped to multiple loci |	0
             % of reads mapped to multiple loci |	0.00%
        Number of reads mapped to too many loci |	535882
             % of reads mapped to too many loci |	3.02%
                                  UNMAPPED READS:
  Number of reads unmapped: too many mismatches |	0
       % of reads unmapped: too many mismatches |	0.00%
            Number of reads unmapped: too short |	224466
                 % of reads unmapped: too short |	1.27%
                Number of reads unmapped: other |	23023
                     % of reads unmapped: other |	0.13%
                                  CHIMERIC READS:
                       Number of chimeric reads |	0
                            % of chimeric reads |	0.00%
