                                 Started job on |	Aug 15 22:11:06
                             Started mapping on |	Aug 15 22:14:34
                                    Finished on |	Aug 15 22:21:50
       Mapping speed, Million of reads per hour |	361.13

                          Number of input reads |	43736485
                      Average input read length |	289
                                    UNIQUE READS:
                   Uniquely mapped reads number |	40082173
                        Uniquely mapped reads % |	91.64%
                          Average mapped length |	288.14
                       Number of splices: Total |	30194228
            Number of splices: Annotated (sjdb) |	29826030
                       Number of splices: GT/AG |	29421158
                       Number of splices: GC/AG |	327690
                       Number of splices: AT/AC |	12731
               Number of splices: Non-canonical |	432649
                      Mismatch rate per base, % |	0.43%
                         Deletion rate per base |	0.02%
                        Deletion average length |	2.88
                        Insertion rate per base |	0.02%
                       Insertion average length |	2.22
                             MULTI-MAPPING READS:
        Number of reads mapped to multiple loci |	0
             % of reads mapped to multiple loci |	0.00%
        Number of reads mapped to too many loci |	1745020
             % of reads mapped to too many loci |	3.99%
                                  UNMAPPED READS:
  Number of reads unmapped: too many mismatches |	0
       % of reads unmapped: too many mismatches |	0.00%
            Number of reads unmapped: too short |	1799261
                 % of reads unmapped: too short |	4.11%
                Number of reads unmapped: other |	110031
                     % of reads unmapped: other |	0.25%
                                  CHIMERIC READS:
                       Number of chimeric reads |	0
                            % of chimeric reads |	0.00%
