                                 Started job on |	Aug 16 02:34:00
                             Started mapping on |	Aug 16 02:35:38
                                    Finished on |	Aug 16 02:38:44
       Mapping speed, Million of reads per hour |	373.95

                          Number of input reads |	19320722
                      Average input read length |	295
                                    UNIQUE READS:
                   Uniquely mapped reads number |	17951382
                        Uniquely mapped reads % |	92.91%
                          Average mapped length |	294.74
                       Number of splices: Total |	15292956
            Number of splices: Annotated (sjdb) |	15187380
                       Number of splices: GT/AG |	14960626
                       Number of splices: GC/AG |	194883
                       Number of splices: AT/AC |	4566
               Number of splices: Non-canonical |	132881
                      Mismatch rate per base, % |	0.48%
                         Deletion rate per base |	0.02%
                        Deletion average length |	2.77
                        Insertion rate per base |	0.03%
                       Insertion average length |	2.97
                             MULTI-MAPPING READS:
        Number of reads mapped to multiple loci |	0
             % of reads mapped to multiple loci |	0.00%
        Number of reads mapped to too many loci |	1064224
             % of reads mapped to too many loci |	5.51%
                                  UNMAPPED READS:
  Number of reads unmapped: too many mismatches |	0
       % of reads unmapped: too many mismatches |	0.00%
            Number of reads unmapped: too short |	275270
                 % of reads unmapped: too short |	1.42%
                Number of reads unmapped: other |	29846
                     % of reads unmapped: other |	0.15%
                                  CHIMERIC READS:
                       Number of chimeric reads |	0
                            % of chimeric reads |	0.00%
