                                 Started job on |	Aug 16 02:55:20
                             Started mapping on |	Aug 16 02:57:33
                                    Finished on |	Aug 16 03:00:03
       Mapping speed, Million of reads per hour |	663.98

                          Number of input reads |	27665896
                      Average input read length |	297
                                    UNIQUE READS:
                   Uniquely mapped reads number |	26096747
                        Uniquely mapped reads % |	94.33%
                          Average mapped length |	296.21
                       Number of splices: Total |	27285038
            Number of splices: Annotated (sjdb) |	27190749
                       Number of splices: GT/AG |	26866553
                       Number of splices: GC/AG |	296765
                       Number of splices: AT/AC |	12041
               Number of splices: Non-canonical |	109679
                      Mismatch rate per base, % |	0.49%
                         Deletion rate per base |	0.02%
                        Deletion average length |	2.77
                        Insertion rate per base |	0.03%
                       Insertion average length |	2.57
                             MULTI-MAPPING READS:
        Number of reads mapped to multiple loci |	0
             % of reads mapped to multiple loci |	0.00%
        Number of reads mapped to too many loci |	805949
             % of reads mapped to too many loci |	2.91%
                                  UNMAPPED READS:
  Number of reads unmapped: too many mismatches |	0
       % of reads unmapped: too many mismatches |	0.00%
            Number of reads unmapped: too short |	755407
                 % of reads unmapped: too short |	2.73%
                Number of reads unmapped: other |	7793
                     % of reads unmapped: other |	0.03%
                                  CHIMERIC READS:
                       Number of chimeric reads |	0
                            % of chimeric reads |	0.00%
