                                 Started job on |	Aug 15 21:49:46
                             Started mapping on |	Aug 15 21:52:24
                                    Finished on |	Aug 15 21:57:18
       Mapping speed, Million of reads per hour |	355.93

                          Number of input reads |	29068006
                      Average input read length |	295
                                    UNIQUE READS:
                   Uniquely mapped reads number |	26623597
                        Uniquely mapped reads % |	91.59%
                          Average mapped length |	294.00
                       Number of splices: Total |	22762776
            Number of splices: Annotated (sjdb) |	22562451
                       Number of splices: GT/AG |	22271152
                       Number of splices: GC/AG |	255378
                       Number of splices: AT/AC |	9314
               Number of splices: Non-canonical |	226932
                      Mismatch rate per base, % |	0.45%
                         Deletion rate per base |	0.03%
                        Deletion average length |	2.98
                        Insertion rate per base |	0.02%
                       Insertion average length |	2.47
                             MULTI-MAPPING READS:
        Number of reads mapped to multiple loci |	0
             % of reads mapped to multiple loci |	0.00%
        Number of reads mapped to too many loci |	1025217
             % of reads mapped to too many loci |	3.53%
                                  UNMAPPED READS:
  Number of reads unmapped: too many mismatches |	0
       % of reads unmapped: too many mismatches |	0.00%
            Number of reads unmapped: too short |	1367198
                 % of reads unmapped: too short |	4.70%
                Number of reads unmapped: other |	51994
                     % of reads unmapped: other |	0.18%
                                  CHIMERIC READS:
                       Number of chimeric reads |	0
                            % of chimeric reads |	0.00%
