                                 Started job on |	Aug 16 03:18:04
                             Started mapping on |	Aug 16 03:19:57
                                    Finished on |	Aug 16 03:21:51
       Mapping speed, Million of reads per hour |	695.61

                          Number of input reads |	22027758
                      Average input read length |	297
                                    UNIQUE READS:
                   Uniquely mapped reads number |	21104128
                        Uniquely mapped reads % |	95.81%
                          Average mapped length |	296.77
                       Number of splices: Total |	21852727
            Number of splices: Annotated (sjdb) |	21785301
                       Number of splices: GT/AG |	21513116
                       Number of splices: GC/AG |	239555
                       Number of splices: AT/AC |	10839
               Number of splices: Non-canonical |	89217
                      Mismatch rate per base, % |	0.51%
                         Deletion rate per base |	0.03%
                        Deletion average length |	2.90
                        Insertion rate per base |	0.03%
                       Insertion average length |	2.91
                             MULTI-MAPPING READS:
        Number of reads mapped to multiple loci |	0
             % of reads mapped to multiple loci |	0.00%
        Number of reads mapped to too many loci |	650205
             % of reads mapped to too many loci |	2.95%
                                  UNMAPPED READS:
  Number of reads unmapped: too many mismatches |	0
       % of reads unmapped: too many mismatches |	0.00%
            Number of reads unmapped: too short |	269436
                 % of reads unmapped: too short |	1.22%
                Number of reads unmapped: other |	3989
                     % of reads unmapped: other |	0.02%
                                  CHIMERIC READS:
                       Number of chimeric reads |	0
                            % of chimeric reads |	0.00%
