                                 Started job on |	Aug 15 22:58:22
                             Started mapping on |	Aug 15 23:00:50
                                    Finished on |	Aug 15 23:03:34
       Mapping speed, Million of reads per hour |	659.12

                          Number of input reads |	30026353
                      Average input read length |	297
                                    UNIQUE READS:
                   Uniquely mapped reads number |	28377435
                        Uniquely mapped reads % |	94.51%
                          Average mapped length |	296.11
                       Number of splices: Total |	29115810
            Number of splices: Annotated (sjdb) |	29025142
                       Number of splices: GT/AG |	28676416
                       Number of splices: GC/AG |	309281
                       Number of splices: AT/AC |	14949
               Number of splices: Non-canonical |	115164
                      Mismatch rate per base, % |	0.44%
                         Deletion rate per base |	0.02%
                        Deletion average length |	2.91
                        Insertion rate per base |	0.02%
                       Insertion average length |	2.94
                             MULTI-MAPPING READS:
        Number of reads mapped to multiple loci |	0
             % of reads mapped to multiple loci |	0.00%
        Number of reads mapped to too many loci |	927757
             % of reads mapped to too many loci |	3.09%
                                  UNMAPPED READS:
  Number of reads unmapped: too many mismatches |	0
       % of reads unmapped: too many mismatches |	0.00%
            Number of reads unmapped: too short |	716314
                 % of reads unmapped: too short |	2.39%
                Number of reads unmapped: other |	4847
                     % of reads unmapped: other |	0.02%
                                  CHIMERIC READS:
                       Number of chimeric reads |	0
                            % of chimeric reads |	0.00%
