                                 Started job on |	Aug 15 21:59:17
                             Started mapping on |	Aug 15 22:02:39
                                    Finished on |	Aug 15 22:08:58
       Mapping speed, Million of reads per hour |	375.20

                          Number of input reads |	39499885
                      Average input read length |	296
                                    UNIQUE READS:
                   Uniquely mapped reads number |	36723907
                        Uniquely mapped reads % |	92.97%
                          Average mapped length |	294.95
                       Number of splices: Total |	32981894
            Number of splices: Annotated (sjdb) |	32759850
                       Number of splices: GT/AG |	32337974
                       Number of splices: GC/AG |	368077
                       Number of splices: AT/AC |	13959
               Number of splices: Non-canonical |	261884
                      Mismatch rate per base, % |	0.45%
                         Deletion rate per base |	0.03%
                        Deletion average length |	2.99
                        Insertion rate per base |	0.02%
                       Insertion average length |	2.52
                             MULTI-MAPPING READS:
        Number of reads mapped to multiple loci |	0
             % of reads mapped to multiple loci |	0.00%
        Number of reads mapped to too many loci |	1360266
             % of reads mapped to too many loci |	3.44%
                                  UNMAPPED READS:
  Number of reads unmapped: too many mismatches |	0
       % of reads unmapped: too many mismatches |	0.00%
            Number of reads unmapped: too short |	1349991
                 % of reads unmapped: too short |	3.42%
                Number of reads unmapped: other |	65721
                     % of reads unmapped: other |	0.17%
                                  CHIMERIC READS:
                       Number of chimeric reads |	0
                            % of chimeric reads |	0.00%
