                                 Started job on |	Aug 15 18:55:27
                             Started mapping on |	Aug 15 18:58:28
                                    Finished on |	Aug 15 19:06:18
       Mapping speed, Million of reads per hour |	274.39

                          Number of input reads |	35822827
                      Average input read length |	290
                                    UNIQUE READS:
                   Uniquely mapped reads number |	33072350
                        Uniquely mapped reads % |	92.32%
                          Average mapped length |	290.01
                       Number of splices: Total |	28874532
            Number of splices: Annotated (sjdb) |	28624247
                       Number of splices: GT/AG |	28279545
                       Number of splices: GC/AG |	305050
                       Number of splices: AT/AC |	8933
               Number of splices: Non-canonical |	281004
                      Mismatch rate per base, % |	0.46%
                         Deletion rate per base |	0.03%
                        Deletion average length |	2.88
                        Insertion rate per base |	0.02%
                       Insertion average length |	2.78
                             MULTI-MAPPING READS:
        Number of reads mapped to multiple loci |	0
             % of reads mapped to multiple loci |	0.00%
        Number of reads mapped to too many loci |	1334849
             % of reads mapped to too many loci |	3.73%
                                  UNMAPPED READS:
  Number of reads unmapped: too many mismatches |	0
       % of reads unmapped: too many mismatches |	0.00%
            Number of reads unmapped: too short |	1275891
                 % of reads unmapped: too short |	3.56%
                Number of reads unmapped: other |	139737
                     % of reads unmapped: other |	0.39%
                                  CHIMERIC READS:
                       Number of chimeric reads |	0
                            % of chimeric reads |	0.00%
