                                 Started job on |	Aug 15 21:30:13
                             Started mapping on |	Aug 15 21:33:03
                                    Finished on |	Aug 15 21:39:13
       Mapping speed, Million of reads per hour |	263.73

                          Number of input reads |	27105184
                      Average input read length |	296
                                    UNIQUE READS:
                   Uniquely mapped reads number |	24224527
                        Uniquely mapped reads % |	89.37%
                          Average mapped length |	294.93
                       Number of splices: Total |	21333333
            Number of splices: Annotated (sjdb) |	21120817
                       Number of splices: GT/AG |	20843604
                       Number of splices: GC/AG |	240291
                       Number of splices: AT/AC |	7987
               Number of splices: Non-canonical |	241451
                      Mismatch rate per base, % |	0.45%
                         Deletion rate per base |	0.03%
                        Deletion average length |	3.02
                        Insertion rate per base |	0.02%
                       Insertion average length |	2.54
                             MULTI-MAPPING READS:
        Number of reads mapped to multiple loci |	0
             % of reads mapped to multiple loci |	0.00%
        Number of reads mapped to too many loci |	1019116
             % of reads mapped to too many loci |	3.76%
                                  UNMAPPED READS:
  Number of reads unmapped: too many mismatches |	0
       % of reads unmapped: too many mismatches |	0.00%
            Number of reads unmapped: too short |	1773728
                 % of reads unmapped: too short |	6.54%
                Number of reads unmapped: other |	87813
                     % of reads unmapped: other |	0.32%
                                  CHIMERIC READS:
                       Number of chimeric reads |	0
                            % of chimeric reads |	0.00%
