                                 Started job on |	Aug 16 01:05:56
                             Started mapping on |	Aug 16 01:08:14
                                    Finished on |	Aug 16 01:13:41
       Mapping speed, Million of reads per hour |	307.44

                          Number of input reads |	27925578
                      Average input read length |	295
                                    UNIQUE READS:
                   Uniquely mapped reads number |	25539158
                        Uniquely mapped reads % |	91.45%
                          Average mapped length |	294.85
                       Number of splices: Total |	22082307
            Number of splices: Annotated (sjdb) |	21950388
                       Number of splices: GT/AG |	21654016
                       Number of splices: GC/AG |	259838
                       Number of splices: AT/AC |	13489
               Number of splices: Non-canonical |	154964
                      Mismatch rate per base, % |	0.50%
                         Deletion rate per base |	0.02%
                        Deletion average length |	2.83
                        Insertion rate per base |	0.03%
                       Insertion average length |	3.29
                             MULTI-MAPPING READS:
        Number of reads mapped to multiple loci |	0
             % of reads mapped to multiple loci |	0.00%
        Number of reads mapped to too many loci |	1605496
             % of reads mapped to too many loci |	5.75%
                                  UNMAPPED READS:
  Number of reads unmapped: too many mismatches |	0
       % of reads unmapped: too many mismatches |	0.00%
            Number of reads unmapped: too short |	700308
                 % of reads unmapped: too short |	2.51%
                Number of reads unmapped: other |	80616
                     % of reads unmapped: other |	0.29%
                                  CHIMERIC READS:
                       Number of chimeric reads |	0
                            % of chimeric reads |	0.00%
