                                 Started job on |	Aug 16 01:25:39
                             Started mapping on |	Aug 16 01:27:53
                                    Finished on |	Aug 16 01:30:42
       Mapping speed, Million of reads per hour |	598.36

                          Number of input reads |	28089828
                      Average input read length |	297
                                    UNIQUE READS:
                   Uniquely mapped reads number |	26864030
                        Uniquely mapped reads % |	95.64%
                          Average mapped length |	296.39
                       Number of splices: Total |	27340289
            Number of splices: Annotated (sjdb) |	27248198
                       Number of splices: GT/AG |	26918190
                       Number of splices: GC/AG |	297114
                       Number of splices: AT/AC |	9371
               Number of splices: Non-canonical |	115614
                      Mismatch rate per base, % |	0.48%
                         Deletion rate per base |	0.02%
                        Deletion average length |	2.84
                        Insertion rate per base |	0.03%
                       Insertion average length |	2.94
                             MULTI-MAPPING READS:
        Number of reads mapped to multiple loci |	0
             % of reads mapped to multiple loci |	0.00%
        Number of reads mapped to too many loci |	846398
             % of reads mapped to too many loci |	3.01%
                                  UNMAPPED READS:
  Number of reads unmapped: too many mismatches |	0
       % of reads unmapped: too many mismatches |	0.00%
            Number of reads unmapped: too short |	361269
                 % of reads unmapped: too short |	1.29%
                Number of reads unmapped: other |	18131
                     % of reads unmapped: other |	0.06%
                                  CHIMERIC READS:
                       Number of chimeric reads |	0
                            % of chimeric reads |	0.00%
