                                 Started job on |	Aug 15 23:05:28
                             Started mapping on |	Aug 15 23:08:00
                                    Finished on |	Aug 15 23:10:52
       Mapping speed, Million of reads per hour |	766.91

                          Number of input reads |	36641326
                      Average input read length |	296
                                    UNIQUE READS:
                   Uniquely mapped reads number |	33787590
                        Uniquely mapped reads % |	92.21%
                          Average mapped length |	295.28
                       Number of splices: Total |	26879407
            Number of splices: Annotated (sjdb) |	26632402
                       Number of splices: GT/AG |	26298798
                       Number of splices: GC/AG |	282872
                       Number of splices: AT/AC |	15549
               Number of splices: Non-canonical |	282188
                      Mismatch rate per base, % |	0.43%
                         Deletion rate per base |	0.02%
                        Deletion average length |	2.69
                        Insertion rate per base |	0.02%
                       Insertion average length |	2.55
                             MULTI-MAPPING READS:
        Number of reads mapped to multiple loci |	0
             % of reads mapped to multiple loci |	0.00%
        Number of reads mapped to too many loci |	1887842
             % of reads mapped to too many loci |	5.15%
                                  UNMAPPED READS:
  Number of reads unmapped: too many mismatches |	0
       % of reads unmapped: too many mismatches |	0.00%
            Number of reads unmapped: too short |	961318
                 % of reads unmapped: too short |	2.62%
                Number of reads unmapped: other |	4576
                     % of reads unmapped: other |	0.01%
                                  CHIMERIC READS:
                       Number of chimeric reads |	0
                            % of chimeric reads |	0.00%
