                                 Started job on |	Aug 15 19:59:57
                             Started mapping on |	Aug 15 20:02:54
                                    Finished on |	Aug 15 20:06:12
       Mapping speed, Million of reads per hour |	737.15

                          Number of input reads |	40543030
                      Average input read length |	297
                                    UNIQUE READS:
                   Uniquely mapped reads number |	37803511
                        Uniquely mapped reads % |	93.24%
                          Average mapped length |	295.56
                       Number of splices: Total |	31931696
            Number of splices: Annotated (sjdb) |	31588815
                       Number of splices: GT/AG |	31119345
                       Number of splices: GC/AG |	412558
                       Number of splices: AT/AC |	15977
               Number of splices: Non-canonical |	383816
                      Mismatch rate per base, % |	0.43%
                         Deletion rate per base |	0.02%
                        Deletion average length |	2.64
                        Insertion rate per base |	0.02%
                       Insertion average length |	2.26
                             MULTI-MAPPING READS:
        Number of reads mapped to multiple loci |	0
             % of reads mapped to multiple loci |	0.00%
        Number of reads mapped to too many loci |	1793132
             % of reads mapped to too many loci |	4.42%
                                  UNMAPPED READS:
  Number of reads unmapped: too many mismatches |	0
       % of reads unmapped: too many mismatches |	0.00%
            Number of reads unmapped: too short |	941196
                 % of reads unmapped: too short |	2.32%
                Number of reads unmapped: other |	5191
                     % of reads unmapped: other |	0.01%
                                  CHIMERIC READS:
                       Number of chimeric reads |	0
                            % of chimeric reads |	0.00%
