                                 Started job on |	Aug 15 19:46:01
                             Started mapping on |	Aug 15 19:48:24
                                    Finished on |	Aug 15 19:50:59
       Mapping speed, Million of reads per hour |	677.86

                          Number of input reads |	29185698
                      Average input read length |	296
                                    UNIQUE READS:
                   Uniquely mapped reads number |	26888968
                        Uniquely mapped reads % |	92.13%
                          Average mapped length |	295.53
                       Number of splices: Total |	26284446
            Number of splices: Annotated (sjdb) |	26181673
                       Number of splices: GT/AG |	25855077
                       Number of splices: GC/AG |	284690
                       Number of splices: AT/AC |	13025
               Number of splices: Non-canonical |	131654
                      Mismatch rate per base, % |	0.42%
                         Deletion rate per base |	0.02%
                        Deletion average length |	2.85
                        Insertion rate per base |	0.02%
                       Insertion average length |	2.87
                             MULTI-MAPPING READS:
        Number of reads mapped to multiple loci |	0
             % of reads mapped to multiple loci |	0.00%
        Number of reads mapped to too many loci |	890476
             % of reads mapped to too many loci |	3.05%
                                  UNMAPPED READS:
  Number of reads unmapped: too many mismatches |	0
       % of reads unmapped: too many mismatches |	0.00%
            Number of reads unmapped: too short |	1400313
                 % of reads unmapped: too short |	4.80%
                Number of reads unmapped: other |	5941
                     % of reads unmapped: other |	0.02%
                                  CHIMERIC READS:
                       Number of chimeric reads |	0
                            % of chimeric reads |	0.00%
