                                 Started job on |	Aug 16 00:58:13
                             Started mapping on |	Aug 16 01:01:08
                                    Finished on |	Aug 16 01:04:28
       Mapping speed, Million of reads per hour |	673.62

                          Number of input reads |	37423263
                      Average input read length |	296
                                    UNIQUE READS:
                   Uniquely mapped reads number |	35442993
                        Uniquely mapped reads % |	94.71%
                          Average mapped length |	295.40
                       Number of splices: Total |	37660759
            Number of splices: Annotated (sjdb) |	37512525
                       Number of splices: GT/AG |	37054539
                       Number of splices: GC/AG |	411830
                       Number of splices: AT/AC |	17379
               Number of splices: Non-canonical |	177011
                      Mismatch rate per base, % |	0.48%
                         Deletion rate per base |	0.02%
                        Deletion average length |	2.79
                        Insertion rate per base |	0.03%
                       Insertion average length |	2.54
                             MULTI-MAPPING READS:
        Number of reads mapped to multiple loci |	0
             % of reads mapped to multiple loci |	0.00%
        Number of reads mapped to too many loci |	1172627
             % of reads mapped to too many loci |	3.13%
                                  UNMAPPED READS:
  Number of reads unmapped: too many mismatches |	0
       % of reads unmapped: too many mismatches |	0.00%
            Number of reads unmapped: too short |	788443
                 % of reads unmapped: too short |	2.11%
                Number of reads unmapped: other |	19200
                     % of reads unmapped: other |	0.05%
                                  CHIMERIC READS:
                       Number of chimeric reads |	0
                            % of chimeric reads |	0.00%
