                                 Started job on |	Aug 15 19:31:42
                             Started mapping on |	Aug 15 19:34:33
                                    Finished on |	Aug 15 19:38:09
       Mapping speed, Million of reads per hour |	644.61

                          Number of input reads |	38676402
                      Average input read length |	296
                                    UNIQUE READS:
                   Uniquely mapped reads number |	35894087
                        Uniquely mapped reads % |	92.81%
                          Average mapped length |	294.97
                       Number of splices: Total |	33522256
            Number of splices: Annotated (sjdb) |	33293876
                       Number of splices: GT/AG |	32918840
                       Number of splices: GC/AG |	344722
                       Number of splices: AT/AC |	13849
               Number of splices: Non-canonical |	244845
                      Mismatch rate per base, % |	0.41%
                         Deletion rate per base |	0.02%
                        Deletion average length |	2.82
                        Insertion rate per base |	0.02%
                       Insertion average length |	2.76
                             MULTI-MAPPING READS:
        Number of reads mapped to multiple loci |	0
             % of reads mapped to multiple loci |	0.00%
        Number of reads mapped to too many loci |	1136182
             % of reads mapped to too many loci |	2.94%
                                  UNMAPPED READS:
  Number of reads unmapped: too many mismatches |	0
       % of reads unmapped: too many mismatches |	0.00%
            Number of reads unmapped: too short |	1611562
                 % of reads unmapped: too short |	4.17%
                Number of reads unmapped: other |	34571
                     % of reads unmapped: other |	0.09%
                                  CHIMERIC READS:
                       Number of chimeric reads |	0
                            % of chimeric reads |	0.00%
