                                 Started job on |	Aug 16 04:06:46
                             Started mapping on |	Aug 16 04:08:34
                                    Finished on |	Aug 16 04:10:25
       Mapping speed, Million of reads per hour |	671.06

                          Number of input reads |	20691103
                      Average input read length |	295
                                    UNIQUE READS:
                   Uniquely mapped reads number |	19133393
                        Uniquely mapped reads % |	92.47%
                          Average mapped length |	294.74
                       Number of splices: Total |	20178344
            Number of splices: Annotated (sjdb) |	20107914
                       Number of splices: GT/AG |	19864595
                       Number of splices: GC/AG |	222692
                       Number of splices: AT/AC |	9499
               Number of splices: Non-canonical |	81558
                      Mismatch rate per base, % |	0.49%
                         Deletion rate per base |	0.02%
                        Deletion average length |	2.83
                        Insertion rate per base |	0.03%
                       Insertion average length |	2.62
                             MULTI-MAPPING READS:
        Number of reads mapped to multiple loci |	0
             % of reads mapped to multiple loci |	0.00%
        Number of reads mapped to too many loci |	620515
             % of reads mapped to too many loci |	3.00%
                                  UNMAPPED READS:
  Number of reads unmapped: too many mismatches |	0
       % of reads unmapped: too many mismatches |	0.00%
            Number of reads unmapped: too short |	932581
                 % of reads unmapped: too short |	4.51%
                Number of reads unmapped: other |	4614
                     % of reads unmapped: other |	0.02%
                                  CHIMERIC READS:
                       Number of chimeric reads |	0
                            % of chimeric reads |	0.00%
