                                 Started job on |	Aug 16 00:04:55
                             Started mapping on |	Aug 16 00:08:54
                                    Finished on |	Aug 16 00:13:10
       Mapping speed, Million of reads per hour |	579.50

                          Number of input reads |	41208716
                      Average input read length |	296
                                    UNIQUE READS:
                   Uniquely mapped reads number |	37787190
                        Uniquely mapped reads % |	91.70%
                          Average mapped length |	295.23
                       Number of splices: Total |	40077733
            Number of splices: Annotated (sjdb) |	39978289
                       Number of splices: GT/AG |	39449243
                       Number of splices: GC/AG |	458559
                       Number of splices: AT/AC |	18992
               Number of splices: Non-canonical |	150939
                      Mismatch rate per base, % |	0.47%
                         Deletion rate per base |	0.03%
                        Deletion average length |	2.84
                        Insertion rate per base |	0.02%
                       Insertion average length |	2.69
                             MULTI-MAPPING READS:
        Number of reads mapped to multiple loci |	0
             % of reads mapped to multiple loci |	0.00%
        Number of reads mapped to too many loci |	1099210
             % of reads mapped to too many loci |	2.67%
                                  UNMAPPED READS:
  Number of reads unmapped: too many mismatches |	0
       % of reads unmapped: too many mismatches |	0.00%
            Number of reads unmapped: too short |	2313406
                 % of reads unmapped: too short |	5.61%
                Number of reads unmapped: other |	8910
                     % of reads unmapped: other |	0.02%
                                  CHIMERIC READS:
                       Number of chimeric reads |	0
                            % of chimeric reads |	0.00%
