                                 Started job on |	Aug 16 01:38:57
                             Started mapping on |	Aug 16 01:41:49
                                    Finished on |	Aug 16 01:45:05
       Mapping speed, Million of reads per hour |	690.16

                          Number of input reads |	37575570
                      Average input read length |	297
                                    UNIQUE READS:
                   Uniquely mapped reads number |	36130589
                        Uniquely mapped reads % |	96.15%
                          Average mapped length |	296.54
                       Number of splices: Total |	38585892
            Number of splices: Annotated (sjdb) |	38497483
                       Number of splices: GT/AG |	38022323
                       Number of splices: GC/AG |	415643
                       Number of splices: AT/AC |	19691
               Number of splices: Non-canonical |	128235
                      Mismatch rate per base, % |	0.49%
                         Deletion rate per base |	0.03%
                        Deletion average length |	2.87
                        Insertion rate per base |	0.03%
                       Insertion average length |	2.94
                             MULTI-MAPPING READS:
        Number of reads mapped to multiple loci |	0
             % of reads mapped to multiple loci |	0.00%
        Number of reads mapped to too many loci |	1004867
             % of reads mapped to too many loci |	2.67%
                                  UNMAPPED READS:
  Number of reads unmapped: too many mismatches |	0
       % of reads unmapped: too many mismatches |	0.00%
            Number of reads unmapped: too short |	431233
                 % of reads unmapped: too short |	1.15%
                Number of reads unmapped: other |	8881
                     % of reads unmapped: other |	0.02%
                                  CHIMERIC READS:
                       Number of chimeric reads |	0
                            % of chimeric reads |	0.00%
