                                 Started job on |	Aug 15 19:07:39
                             Started mapping on |	Aug 15 19:10:13
                                    Finished on |	Aug 15 19:16:01
       Mapping speed, Million of reads per hour |	288.03

                          Number of input reads |	27843266
                      Average input read length |	290
                                    UNIQUE READS:
                   Uniquely mapped reads number |	25425237
                        Uniquely mapped reads % |	91.32%
                          Average mapped length |	289.29
                       Number of splices: Total |	21975189
            Number of splices: Annotated (sjdb) |	21765344
                       Number of splices: GT/AG |	21486266
                       Number of splices: GC/AG |	231863
                       Number of splices: AT/AC |	8300
               Number of splices: Non-canonical |	248760
                      Mismatch rate per base, % |	0.46%
                         Deletion rate per base |	0.03%
                        Deletion average length |	2.90
                        Insertion rate per base |	0.02%
                       Insertion average length |	2.77
                             MULTI-MAPPING READS:
        Number of reads mapped to multiple loci |	0
             % of reads mapped to multiple loci |	0.00%
        Number of reads mapped to too many loci |	1043039
             % of reads mapped to too many loci |	3.75%
                                  UNMAPPED READS:
  Number of reads unmapped: too many mismatches |	0
       % of reads unmapped: too many mismatches |	0.00%
            Number of reads unmapped: too short |	1282420
                 % of reads unmapped: too short |	4.61%
                Number of reads unmapped: other |	92570
                     % of reads unmapped: other |	0.33%
                                  CHIMERIC READS:
                       Number of chimeric reads |	0
                            % of chimeric reads |	0.00%
