                                 Started job on |	Aug 16 00:53:14
                             Started mapping on |	Aug 16 00:54:45
                                    Finished on |	Aug 16 00:56:20
       Mapping speed, Million of reads per hour |	622.50

                          Number of input reads |	16427089
                      Average input read length |	296
                                    UNIQUE READS:
                   Uniquely mapped reads number |	15402990
                        Uniquely mapped reads % |	93.77%
                          Average mapped length |	295.62
                       Number of splices: Total |	16333189
            Number of splices: Annotated (sjdb) |	16275772
                       Number of splices: GT/AG |	16082396
                       Number of splices: GC/AG |	176972
                       Number of splices: AT/AC |	5924
               Number of splices: Non-canonical |	67897
                      Mismatch rate per base, % |	0.48%
                         Deletion rate per base |	0.03%
                        Deletion average length |	2.82
                        Insertion rate per base |	0.03%
                       Insertion average length |	2.57
                             MULTI-MAPPING READS:
        Number of reads mapped to multiple loci |	0
             % of reads mapped to multiple loci |	0.00%
        Number of reads mapped to too many loci |	446044
             % of reads mapped to too many loci |	2.72%
                                  UNMAPPED READS:
  Number of reads unmapped: too many mismatches |	0
       % of reads unmapped: too many mismatches |	0.00%
            Number of reads unmapped: too short |	571263
                 % of reads unmapped: too short |	3.48%
                Number of reads unmapped: other |	6792
                     % of reads unmapped: other |	0.04%
                                  CHIMERIC READS:
                       Number of chimeric reads |	0
                            % of chimeric reads |	0.00%
