                                 Started job on |	Aug 15 20:08:18
                             Started mapping on |	Aug 15 20:11:18
                                    Finished on |	Aug 15 20:14:41
       Mapping speed, Million of reads per hour |	712.83

                          Number of input reads |	40195909
                      Average input read length |	297
                                    UNIQUE READS:
                   Uniquely mapped reads number |	37608027
                        Uniquely mapped reads % |	93.56%
                          Average mapped length |	295.53
                       Number of splices: Total |	34678608
            Number of splices: Annotated (sjdb) |	34447615
                       Number of splices: GT/AG |	33964366
                       Number of splices: GC/AG |	415285
                       Number of splices: AT/AC |	16868
               Number of splices: Non-canonical |	282089
                      Mismatch rate per base, % |	0.44%
                         Deletion rate per base |	0.02%
                        Deletion average length |	2.75
                        Insertion rate per base |	0.02%
                       Insertion average length |	2.41
                             MULTI-MAPPING READS:
        Number of reads mapped to multiple loci |	0
             % of reads mapped to multiple loci |	0.00%
        Number of reads mapped to too many loci |	1628132
             % of reads mapped to too many loci |	4.05%
                                  UNMAPPED READS:
  Number of reads unmapped: too many mismatches |	0
       % of reads unmapped: too many mismatches |	0.00%
            Number of reads unmapped: too short |	952751
                 % of reads unmapped: too short |	2.37%
                Number of reads unmapped: other |	6999
                     % of reads unmapped: other |	0.02%
                                  CHIMERIC READS:
                       Number of chimeric reads |	0
                            % of chimeric reads |	0.00%
