                                 Started job on |	Aug 16 04:18:27
                             Started mapping on |	Aug 16 04:21:09
                                    Finished on |	Aug 16 04:27:34
       Mapping speed, Million of reads per hour |	312.58

                          Number of input reads |	33428658
                      Average input read length |	296
                                    UNIQUE READS:
                   Uniquely mapped reads number |	30974637
                        Uniquely mapped reads % |	92.66%
                          Average mapped length |	296.12
                       Number of splices: Total |	27275525
            Number of splices: Annotated (sjdb) |	27097389
                       Number of splices: GT/AG |	26762288
                       Number of splices: GC/AG |	299740
                       Number of splices: AT/AC |	8483
               Number of splices: Non-canonical |	205014
                      Mismatch rate per base, % |	0.50%
                         Deletion rate per base |	0.02%
                        Deletion average length |	2.75
                        Insertion rate per base |	0.03%
                       Insertion average length |	2.79
                             MULTI-MAPPING READS:
        Number of reads mapped to multiple loci |	0
             % of reads mapped to multiple loci |	0.00%
        Number of reads mapped to too many loci |	1570601
             % of reads mapped to too many loci |	4.70%
                                  UNMAPPED READS:
  Number of reads unmapped: too many mismatches |	0
       % of reads unmapped: too many mismatches |	0.00%
            Number of reads unmapped: too short |	738273
                 % of reads unmapped: too short |	2.21%
                Number of reads unmapped: other |	145147
                     % of reads unmapped: other |	0.43%
                                  CHIMERIC READS:
                       Number of chimeric reads |	0
                            % of chimeric reads |	0.00%
