                                 Started job on |	Aug 15 19:17:42
                             Started mapping on |	Aug 15 19:20:54
                                    Finished on |	Aug 15 19:29:48
       Mapping speed, Million of reads per hour |	236.62

                          Number of input reads |	35098270
                      Average input read length |	292
                                    UNIQUE READS:
                   Uniquely mapped reads number |	31964625
                        Uniquely mapped reads % |	91.07%
                          Average mapped length |	292.16
                       Number of splices: Total |	28758363
            Number of splices: Annotated (sjdb) |	28443396
                       Number of splices: GT/AG |	28092767
                       Number of splices: GC/AG |	308866
                       Number of splices: AT/AC |	10809
               Number of splices: Non-canonical |	345921
                      Mismatch rate per base, % |	0.48%
                         Deletion rate per base |	0.02%
                        Deletion average length |	2.90
                        Insertion rate per base |	0.02%
                       Insertion average length |	3.02
                             MULTI-MAPPING READS:
        Number of reads mapped to multiple loci |	0
             % of reads mapped to multiple loci |	0.00%
        Number of reads mapped to too many loci |	1429682
             % of reads mapped to too many loci |	4.07%
                                  UNMAPPED READS:
  Number of reads unmapped: too many mismatches |	0
       % of reads unmapped: too many mismatches |	0.00%
            Number of reads unmapped: too short |	1519965
                 % of reads unmapped: too short |	4.33%
                Number of reads unmapped: other |	183998
                     % of reads unmapped: other |	0.52%
                                  CHIMERIC READS:
                       Number of chimeric reads |	0
                            % of chimeric reads |	0.00%
