                                 Started job on |	Aug 15 22:41:31
                             Started mapping on |	Aug 15 22:44:04
                                    Finished on |	Aug 15 22:47:54
       Mapping speed, Million of reads per hour |	478.88

                          Number of input reads |	30595081
                      Average input read length |	295
                                    UNIQUE READS:
                   Uniquely mapped reads number |	28671469
                        Uniquely mapped reads % |	93.71%
                          Average mapped length |	294.94
                       Number of splices: Total |	28512937
            Number of splices: Annotated (sjdb) |	28340057
                       Number of splices: GT/AG |	27999198
                       Number of splices: GC/AG |	306678
                       Number of splices: AT/AC |	11880
               Number of splices: Non-canonical |	195181
                      Mismatch rate per base, % |	0.45%
                         Deletion rate per base |	0.03%
                        Deletion average length |	2.92
                        Insertion rate per base |	0.03%
                       Insertion average length |	3.03
                             MULTI-MAPPING READS:
        Number of reads mapped to multiple loci |	0
             % of reads mapped to multiple loci |	0.00%
        Number of reads mapped to too many loci |	891269
             % of reads mapped to too many loci |	2.91%
                                  UNMAPPED READS:
  Number of reads unmapped: too many mismatches |	0
       % of reads unmapped: too many mismatches |	0.00%
            Number of reads unmapped: too short |	986840
                 % of reads unmapped: too short |	3.23%
                Number of reads unmapped: other |	45503
                     % of reads unmapped: other |	0.15%
                                  CHIMERIC READS:
                       Number of chimeric reads |	0
                            % of chimeric reads |	0.00%
