                                 Started job on |	Aug 16 02:19:52
                             Started mapping on |	Aug 16 02:22:09
                                    Finished on |	Aug 16 02:26:14
       Mapping speed, Million of reads per hour |	417.74

                          Number of input reads |	28429696
                      Average input read length |	297
                                    UNIQUE READS:
                   Uniquely mapped reads number |	26086442
                        Uniquely mapped reads % |	91.76%
                          Average mapped length |	296.62
                       Number of splices: Total |	24267361
            Number of splices: Annotated (sjdb) |	24153885
                       Number of splices: GT/AG |	23858107
                       Number of splices: GC/AG |	266118
                       Number of splices: AT/AC |	8798
               Number of splices: Non-canonical |	134338
                      Mismatch rate per base, % |	0.47%
                         Deletion rate per base |	0.02%
                        Deletion average length |	2.75
                        Insertion rate per base |	0.03%
                       Insertion average length |	2.91
                             MULTI-MAPPING READS:
        Number of reads mapped to multiple loci |	0
             % of reads mapped to multiple loci |	0.00%
        Number of reads mapped to too many loci |	1197951
             % of reads mapped to too many loci |	4.21%
                                  UNMAPPED READS:
  Number of reads unmapped: too many mismatches |	0
       % of reads unmapped: too many mismatches |	0.00%
            Number of reads unmapped: too short |	1051484
                 % of reads unmapped: too short |	3.70%
                Number of reads unmapped: other |	93819
                     % of reads unmapped: other |	0.33%
                                  CHIMERIC READS:
                       Number of chimeric reads |	0
                            % of chimeric reads |	0.00%
