                                 Started job on |	Aug 15 18:27:31
                             Started mapping on |	Aug 15 18:31:30
                                    Finished on |	Aug 15 18:35:46
       Mapping speed, Million of reads per hour |	688.28

                          Number of input reads |	48944118
                      Average input read length |	296
                                    UNIQUE READS:
                   Uniquely mapped reads number |	45699527
                        Uniquely mapped reads % |	93.37%
                          Average mapped length |	295.33
                       Number of splices: Total |	41538401
            Number of splices: Annotated (sjdb) |	41234744
                       Number of splices: GT/AG |	40677130
                       Number of splices: GC/AG |	480413
                       Number of splices: AT/AC |	20174
               Number of splices: Non-canonical |	360684
                      Mismatch rate per base, % |	0.44%
                         Deletion rate per base |	0.02%
                        Deletion average length |	2.68
                        Insertion rate per base |	0.02%
                       Insertion average length |	2.39
                             MULTI-MAPPING READS:
        Number of reads mapped to multiple loci |	0
             % of reads mapped to multiple loci |	0.00%
        Number of reads mapped to too many loci |	2053850
             % of reads mapped to too many loci |	4.20%
                                  UNMAPPED READS:
  Number of reads unmapped: too many mismatches |	0
       % of reads unmapped: too many mismatches |	0.00%
            Number of reads unmapped: too short |	1183539
                 % of reads unmapped: too short |	2.42%
                Number of reads unmapped: other |	7202
                     % of reads unmapped: other |	0.01%
                                  CHIMERIC READS:
                       Number of chimeric reads |	0
                            % of chimeric reads |	0.00%
