                                 Started job on |	Aug 15 21:20:53
                             Started mapping on |	Aug 15 21:23:24
                                    Finished on |	Aug 15 21:28:53
       Mapping speed, Million of reads per hour |	279.44

                          Number of input reads |	25537422
                      Average input read length |	296
                                    UNIQUE READS:
                   Uniquely mapped reads number |	22953459
                        Uniquely mapped reads % |	89.88%
                          Average mapped length |	295.01
                       Number of splices: Total |	20864733
            Number of splices: Annotated (sjdb) |	20671140
                       Number of splices: GT/AG |	20394085
                       Number of splices: GC/AG |	229289
                       Number of splices: AT/AC |	8179
               Number of splices: Non-canonical |	233180
                      Mismatch rate per base, % |	0.46%
                         Deletion rate per base |	0.03%
                        Deletion average length |	3.09
                        Insertion rate per base |	0.02%
                       Insertion average length |	2.58
                             MULTI-MAPPING READS:
        Number of reads mapped to multiple loci |	0
             % of reads mapped to multiple loci |	0.00%
        Number of reads mapped to too many loci |	907771
             % of reads mapped to too many loci |	3.55%
                                  UNMAPPED READS:
  Number of reads unmapped: too many mismatches |	0
       % of reads unmapped: too many mismatches |	0.00%
            Number of reads unmapped: too short |	1616137
                 % of reads unmapped: too short |	6.33%
                Number of reads unmapped: other |	60055
                     % of reads unmapped: other |	0.24%
                                  CHIMERIC READS:
                       Number of chimeric reads |	0
                            % of chimeric reads |	0.00%
