                                 Started job on |	Aug 16 00:27:08
                             Started mapping on |	Aug 16 00:31:28
                                    Finished on |	Aug 16 00:37:48
       Mapping speed, Million of reads per hour |	461.22

                          Number of input reads |	48684349
                      Average input read length |	297
                                    UNIQUE READS:
                   Uniquely mapped reads number |	45489302
                        Uniquely mapped reads % |	93.44%
                          Average mapped length |	296.10
                       Number of splices: Total |	46475547
            Number of splices: Annotated (sjdb) |	46169414
                       Number of splices: GT/AG |	45566051
                       Number of splices: GC/AG |	537636
                       Number of splices: AT/AC |	17801
               Number of splices: Non-canonical |	354059
                      Mismatch rate per base, % |	0.48%
                         Deletion rate per base |	0.04%
                        Deletion average length |	3.02
                        Insertion rate per base |	0.03%
                       Insertion average length |	2.69
                             MULTI-MAPPING READS:
        Number of reads mapped to multiple loci |	0
             % of reads mapped to multiple loci |	0.00%
        Number of reads mapped to too many loci |	1540741
             % of reads mapped to too many loci |	3.16%
                                  UNMAPPED READS:
  Number of reads unmapped: too many mismatches |	0
       % of reads unmapped: too many mismatches |	0.00%
            Number of reads unmapped: too short |	1601728
                 % of reads unmapped: too short |	3.29%
                Number of reads unmapped: other |	52578
                     % of reads unmapped: other |	0.11%
                                  CHIMERIC READS:
                       Number of chimeric reads |	0
                            % of chimeric reads |	0.00%
