                                 Started job on |	Aug 15 20:27:46
                             Started mapping on |	Aug 15 20:30:27
                                    Finished on |	Aug 15 20:36:20
       Mapping speed, Million of reads per hour |	298.67

                          Number of input reads |	29286506
                      Average input read length |	291
                                    UNIQUE READS:
                   Uniquely mapped reads number |	26459917
                        Uniquely mapped reads % |	90.35%
                          Average mapped length |	290.98
                       Number of splices: Total |	23946331
            Number of splices: Annotated (sjdb) |	23701260
                       Number of splices: GT/AG |	23415517
                       Number of splices: GC/AG |	253816
                       Number of splices: AT/AC |	8449
               Number of splices: Non-canonical |	268549
                      Mismatch rate per base, % |	0.48%
                         Deletion rate per base |	0.03%
                        Deletion average length |	2.87
                        Insertion rate per base |	0.02%
                       Insertion average length |	3.02
                             MULTI-MAPPING READS:
        Number of reads mapped to multiple loci |	0
             % of reads mapped to multiple loci |	0.00%
        Number of reads mapped to too many loci |	1097803
             % of reads mapped to too many loci |	3.75%
                                  UNMAPPED READS:
  Number of reads unmapped: too many mismatches |	0
       % of reads unmapped: too many mismatches |	0.00%
            Number of reads unmapped: too short |	1601952
                 % of reads unmapped: too short |	5.47%
                Number of reads unmapped: other |	126834
                     % of reads unmapped: other |	0.43%
                                  CHIMERIC READS:
                       Number of chimeric reads |	0
                            % of chimeric reads |	0.00%
